Archive member included because of file (symbol)

/usr/lib/gcc/avr/4.6.3/avr5/libgcc.a(_udivmodqi4.o)
                              ./source/main.o (__udivmodqi4)
/usr/lib/gcc/avr/4.6.3/avr5/libgcc.a(_udivmodhi4.o)
                              ./source/time.o (__udivmodhi4)
/usr/lib/gcc/avr/4.6.3/avr5/libgcc.a(_divmodhi4.o)
                              ./source/uart.o (__divmodhi4)
/usr/lib/gcc/avr/4.6.3/avr5/libgcc.a(_exit.o)
                              /usr/lib/gcc/avr/4.6.3/../../../../avr/lib/avr5/crtm32.o (exit)
/usr/lib/gcc/avr/4.6.3/avr5/libgcc.a(_copy_data.o)
                              ./source/com.o (__do_copy_data)
/usr/lib/gcc/avr/4.6.3/avr5/libgcc.a(_clear_bss.o)
                              ./source/com.o (__do_clear_bss)
/usr/lib/gcc/avr/4.6.3/../../../../avr/lib/avr5/libc.a(strcmp.o)
                              ./source/uart.o (strcmp)

Allocating common symbols
Common symbol       size              file

uiCurrent           0x1               ./source/uart.o
com_receive_buffer  0xa               ./source/com.o
oDateTime           0x6               ./source/time.o
cBuffer             0xa               ./source/uart.o
com_send_buffer     0xa               ./source/com.o
cPassed             0x1               ./source/main.o

Memory Configuration

Name             Origin             Length             Attributes
text             0x0000000000000000 0x0000000000020000 xr
data             0x0000000000800060 0x000000000000ffa0 rw !x
eeprom           0x0000000000810000 0x0000000000010000 rw !x
fuse             0x0000000000820000 0x0000000000000400 rw !x
lock             0x0000000000830000 0x0000000000000400 rw !x
signature        0x0000000000840000 0x0000000000000400 rw !x
*default*        0x0000000000000000 0xffffffffffffffff

Linker script and memory map

LOAD /usr/lib/gcc/avr/4.6.3/../../../../avr/lib/avr5/crtm32.o
LOAD ./source/com.o
LOAD ./source/main.o
LOAD ./source/sensors.o
LOAD ./source/system.o
LOAD ./source/time.o
LOAD ./source/uart.o
LOAD ./source/util.o
LOAD ./.metadata/.plugins/org.eclipse.cdt.make.core/specs.o
LOAD /usr/lib/gcc/avr/4.6.3/avr5/libgcc.a
LOAD /usr/lib/gcc/avr/4.6.3/../../../../avr/lib/avr5/libc.a
LOAD /usr/lib/gcc/avr/4.6.3/avr5/libgcc.a

.hash
 *(.hash)

.dynsym
 *(.dynsym)

.dynstr
 *(.dynstr)

.gnu.version
 *(.gnu.version)

.gnu.version_d
 *(.gnu.version_d)

.gnu.version_r
 *(.gnu.version_r)

.rel.init
 *(.rel.init)

.rela.init
 *(.rela.init)

.rel.text
 *(.rel.text)
 *(.rel.text.*)
 *(.rel.gnu.linkonce.t*)

.rela.text
 *(.rela.text)
 *(.rela.text.*)
 *(.rela.gnu.linkonce.t*)

.rel.fini
 *(.rel.fini)

.rela.fini
 *(.rela.fini)

.rel.rodata
 *(.rel.rodata)
 *(.rel.rodata.*)
 *(.rel.gnu.linkonce.r*)

.rela.rodata
 *(.rela.rodata)
 *(.rela.rodata.*)
 *(.rela.gnu.linkonce.r*)

.rel.data
 *(.rel.data)
 *(.rel.data.*)
 *(.rel.gnu.linkonce.d*)

.rela.data
 *(.rela.data)
 *(.rela.data.*)
 *(.rela.gnu.linkonce.d*)

.rel.ctors
 *(.rel.ctors)

.rela.ctors
 *(.rela.ctors)

.rel.dtors
 *(.rel.dtors)

.rela.dtors
 *(.rela.dtors)

.rel.got
 *(.rel.got)

.rela.got
 *(.rela.got)

.rel.bss
 *(.rel.bss)

.rela.bss
 *(.rela.bss)

.rel.plt
 *(.rel.plt)

.rela.plt
 *(.rela.plt)

.text           0x0000000000000000      0xf7c
 *(.vectors)
 .vectors       0x0000000000000000       0x54 /usr/lib/gcc/avr/4.6.3/../../../../avr/lib/avr5/crtm32.o
                0x0000000000000000                __vectors
                0x0000000000000000                __vector_default
 *(.vectors)
 *(.progmem.gcc*)
 *(.progmem*)
                0x0000000000000054                . = ALIGN (0x2)
                0x0000000000000054                __trampolines_start = .
 *(.trampolines)
 .trampolines   0x0000000000000054        0x0 linker stubs
 *(.trampolines*)
                0x0000000000000054                __trampolines_end = .
 *(.jumptables)
 *(.jumptables*)
 *(.lowtext)
 *(.lowtext*)
                0x0000000000000054                __ctors_start = .
 *(.ctors)
                0x0000000000000054                __ctors_end = .
                0x0000000000000054                __dtors_start = .
 *(.dtors)
                0x0000000000000054                __dtors_end = .
 SORT(*)(.ctors)
 SORT(*)(.dtors)
 *(.init0)
 .init0         0x0000000000000054        0x0 /usr/lib/gcc/avr/4.6.3/../../../../avr/lib/avr5/crtm32.o
                0x0000000000000054                __init
 *(.init0)
 *(.init1)
 *(.init1)
 *(.init2)
 .init2         0x0000000000000054        0xc /usr/lib/gcc/avr/4.6.3/../../../../avr/lib/avr5/crtm32.o
 *(.init2)
 *(.init3)
 *(.init3)
 *(.init4)
 .init4         0x0000000000000060       0x16 /usr/lib/gcc/avr/4.6.3/avr5/libgcc.a(_copy_data.o)
                0x0000000000000060                __do_copy_data
 .init4         0x0000000000000076       0x10 /usr/lib/gcc/avr/4.6.3/avr5/libgcc.a(_clear_bss.o)
                0x0000000000000076                __do_clear_bss
 *(.init4)
 *(.init5)
 *(.init5)
 *(.init6)
 *(.init6)
 *(.init7)
 *(.init7)
 *(.init8)
 *(.init8)
 *(.init9)
 .init9         0x0000000000000086        0x8 /usr/lib/gcc/avr/4.6.3/../../../../avr/lib/avr5/crtm32.o
 *(.init9)
 *(.text)
 .text          0x000000000000008e        0x4 /usr/lib/gcc/avr/4.6.3/../../../../avr/lib/avr5/crtm32.o
                0x000000000000008e                __vector_1
                0x000000000000008e                __vector_12
                0x000000000000008e                __bad_interrupt
                0x000000000000008e                __vector_6
                0x000000000000008e                __vector_3
                0x000000000000008e                __vector_11
                0x000000000000008e                __vector_17
                0x000000000000008e                __vector_19
                0x000000000000008e                __vector_7
                0x000000000000008e                __vector_4
                0x000000000000008e                __vector_15
                0x000000000000008e                __vector_8
                0x000000000000008e                __vector_14
                0x000000000000008e                __vector_10
                0x000000000000008e                __vector_16
                0x000000000000008e                __vector_18
                0x000000000000008e                __vector_20
 .text          0x0000000000000092      0x160 ./source/com.o
                0x0000000000000092                com_open_port
                0x00000000000000a8                com_close_port
                0x00000000000000ba                com_init
                0x00000000000000c2                com_write_byte
                0x00000000000000fa                com_read_byte
                0x0000000000000120                com_send_chunk
                0x0000000000000182                com_receive_chunk
                0x00000000000001be                com_receive
                0x00000000000001da                com_send
 .text          0x00000000000001f2      0x170 ./source/main.o
                0x00000000000001f2                dbg_print_time
                0x0000000000000224                tmp_meas
                0x00000000000002c2                range_meas
                0x0000000000000322                scheduler
 .text          0x0000000000000362      0x122 ./source/sensors.o
                0x000000000000038a                adc_init
                0x00000000000003a0                adc_read
                0x00000000000003b6                tmp_config
                0x00000000000003e8                tmp_init
                0x0000000000000416                tmp_get
 .text          0x0000000000000484      0x456 ./source/system.o
                0x0000000000000484                adr_set
                0x00000000000005c8                adr_reset
                0x00000000000005ea                adr_init
                0x0000000000000616                mem_chip_erase
                0x0000000000000674                mem_sector_erase
                0x00000000000006cc                mem_write_data
                0x00000000000007aa                mem_print_sector
                0x00000000000007fe                mem_init
 .text          0x00000000000008da      0x378 ./source/time.o
                0x0000000000000904                time_init
                0x000000000000096c                __vector_2
                0x0000000000000a62                __vector_5
                0x0000000000000b2c                __vector_9
 .text          0x0000000000000c52      0x248 ./source/uart.o
                0x0000000000000c52                uart_send
                0x0000000000000c6c                uart_send_char
                0x0000000000000c74                uart_init
                0x0000000000000c8e                __vector_13
 .text          0x0000000000000e9a       0x16 ./source/util.o
                0x0000000000000e9a                BCD_to_Bin
 .text          0x0000000000000eb0        0x0 ./.metadata/.plugins/org.eclipse.cdt.make.core/specs.o
 .text          0x0000000000000eb0        0x0 /usr/lib/gcc/avr/4.6.3/avr5/libgcc.a(_udivmodqi4.o)
 .text          0x0000000000000eb0        0x0 /usr/lib/gcc/avr/4.6.3/avr5/libgcc.a(_udivmodhi4.o)
 .text          0x0000000000000eb0        0x0 /usr/lib/gcc/avr/4.6.3/avr5/libgcc.a(_divmodhi4.o)
 .text          0x0000000000000eb0        0x0 /usr/lib/gcc/avr/4.6.3/avr5/libgcc.a(_exit.o)
 .text          0x0000000000000eb0        0x0 /usr/lib/gcc/avr/4.6.3/avr5/libgcc.a(_copy_data.o)
 .text          0x0000000000000eb0        0x0 /usr/lib/gcc/avr/4.6.3/avr5/libgcc.a(_clear_bss.o)
 .text          0x0000000000000eb0        0x0 /usr/lib/gcc/avr/4.6.3/../../../../avr/lib/avr5/libc.a(strcmp.o)
                0x0000000000000eb0                . = ALIGN (0x2)
 *(.text.*)
 .text.startup  0x0000000000000eb0       0x50 ./source/main.o
                0x0000000000000eb0                main
 .text.libgcc   0x0000000000000f00       0x18 /usr/lib/gcc/avr/4.6.3/avr5/libgcc.a(_udivmodqi4.o)
                0x0000000000000f00                __udivmodqi4
 .text.libgcc   0x0000000000000f18       0x28 /usr/lib/gcc/avr/4.6.3/avr5/libgcc.a(_udivmodhi4.o)
                0x0000000000000f18                __udivmodhi4
 .text.libgcc   0x0000000000000f40       0x26 /usr/lib/gcc/avr/4.6.3/avr5/libgcc.a(_divmodhi4.o)
                0x0000000000000f40                __divmodhi4
                0x0000000000000f40                _div
 .text.libgcc   0x0000000000000f66        0x0 /usr/lib/gcc/avr/4.6.3/avr5/libgcc.a(_exit.o)
 .text.libgcc   0x0000000000000f66        0x0 /usr/lib/gcc/avr/4.6.3/avr5/libgcc.a(_copy_data.o)
 .text.libgcc   0x0000000000000f66        0x0 /usr/lib/gcc/avr/4.6.3/avr5/libgcc.a(_clear_bss.o)
 .text.avr-libc
                0x0000000000000f66       0x12 /usr/lib/gcc/avr/4.6.3/../../../../avr/lib/avr5/libc.a(strcmp.o)
                0x0000000000000f66                strcmp
                0x0000000000000f78                . = ALIGN (0x2)
 *(.fini9)
 .fini9         0x0000000000000f78        0x0 /usr/lib/gcc/avr/4.6.3/avr5/libgcc.a(_exit.o)
                0x0000000000000f78                exit
                0x0000000000000f78                _exit
 *(.fini9)
 *(.fini8)
 *(.fini8)
 *(.fini7)
 *(.fini7)
 *(.fini6)
 *(.fini6)
 *(.fini5)
 *(.fini5)
 *(.fini4)
 *(.fini4)
 *(.fini3)
 *(.fini3)
 *(.fini2)
 *(.fini2)
 *(.fini1)
 *(.fini1)
 *(.fini0)
 .fini0         0x0000000000000f78        0x4 /usr/lib/gcc/avr/4.6.3/avr5/libgcc.a(_exit.o)
 *(.fini0)
                0x0000000000000f7c                _etext = .

.data           0x0000000000800060       0xb8 load address 0x0000000000000f7c
                0x0000000000800060                PROVIDE (__data_start, .)
 *(.data)
 .data          0x0000000000800060        0x0 /usr/lib/gcc/avr/4.6.3/../../../../avr/lib/avr5/crtm32.o
 .data          0x0000000000800060        0x0 ./source/com.o
 .data          0x0000000000800060        0x0 ./source/main.o
 .data          0x0000000000800060        0x0 ./source/sensors.o
 .data          0x0000000000800060       0x3d ./source/system.o
 .data          0x000000000080009d        0x0 ./source/time.o
 .data          0x000000000080009d       0x7a ./source/uart.o
 .data          0x0000000000800117        0x0 ./source/util.o
 .data          0x0000000000800117        0x0 ./.metadata/.plugins/org.eclipse.cdt.make.core/specs.o
 .data          0x0000000000800117        0x0 /usr/lib/gcc/avr/4.6.3/avr5/libgcc.a(_udivmodqi4.o)
 .data          0x0000000000800117        0x0 /usr/lib/gcc/avr/4.6.3/avr5/libgcc.a(_udivmodhi4.o)
 .data          0x0000000000800117        0x0 /usr/lib/gcc/avr/4.6.3/avr5/libgcc.a(_divmodhi4.o)
 .data          0x0000000000800117        0x0 /usr/lib/gcc/avr/4.6.3/avr5/libgcc.a(_exit.o)
 .data          0x0000000000800117        0x0 /usr/lib/gcc/avr/4.6.3/avr5/libgcc.a(_copy_data.o)
 .data          0x0000000000800117        0x0 /usr/lib/gcc/avr/4.6.3/avr5/libgcc.a(_clear_bss.o)
 .data          0x0000000000800117        0x0 /usr/lib/gcc/avr/4.6.3/../../../../avr/lib/avr5/libc.a(strcmp.o)
 *(.data*)
 *(.rodata)
 *(.rodata*)
 *(.gnu.linkonce.d*)
                0x0000000000800118                . = ALIGN (0x2)
 *fill*         0x0000000000800117        0x1 00
                0x0000000000800118                _edata = .
                0x0000000000800118                PROVIDE (__data_end, .)

.bss            0x0000000000800118       0x34
                0x0000000000800118                PROVIDE (__bss_start, .)
 *(.bss)
 .bss           0x0000000000800118        0x0 /usr/lib/gcc/avr/4.6.3/../../../../avr/lib/avr5/crtm32.o
 .bss           0x0000000000800118        0x0 ./source/com.o
 .bss           0x0000000000800118        0x0 ./source/main.o
 .bss           0x0000000000800118        0x0 ./source/sensors.o
 .bss           0x0000000000800118        0x3 ./source/system.o
 .bss           0x000000000080011b        0xb ./source/time.o
 .bss           0x0000000000800126        0x0 ./source/uart.o
 .bss           0x0000000000800126        0x0 ./source/util.o
 .bss           0x0000000000800126        0x0 ./.metadata/.plugins/org.eclipse.cdt.make.core/specs.o
 .bss           0x0000000000800126        0x0 /usr/lib/gcc/avr/4.6.3/avr5/libgcc.a(_udivmodqi4.o)
 .bss           0x0000000000800126        0x0 /usr/lib/gcc/avr/4.6.3/avr5/libgcc.a(_udivmodhi4.o)
 .bss           0x0000000000800126        0x0 /usr/lib/gcc/avr/4.6.3/avr5/libgcc.a(_divmodhi4.o)
 .bss           0x0000000000800126        0x0 /usr/lib/gcc/avr/4.6.3/avr5/libgcc.a(_exit.o)
 .bss           0x0000000000800126        0x0 /usr/lib/gcc/avr/4.6.3/avr5/libgcc.a(_copy_data.o)
 .bss           0x0000000000800126        0x0 /usr/lib/gcc/avr/4.6.3/avr5/libgcc.a(_clear_bss.o)
 .bss           0x0000000000800126        0x0 /usr/lib/gcc/avr/4.6.3/../../../../avr/lib/avr5/libc.a(strcmp.o)
 *(.bss*)
 *(COMMON)
 COMMON         0x0000000000800126       0x14 ./source/com.o
                0x0000000000800126                com_receive_buffer
                0x0000000000800130                com_send_buffer
 COMMON         0x000000000080013a        0x1 ./source/main.o
                0x000000000080013a                cPassed
 COMMON         0x000000000080013b        0x6 ./source/time.o
                0x000000000080013b                oDateTime
 COMMON         0x0000000000800141        0xb ./source/uart.o
                0x0000000000800141                uiCurrent
                0x0000000000800142                cBuffer
                0x000000000080014c                PROVIDE (__bss_end, .)
                0x0000000000000f7c                __data_load_start = LOADADDR (.data)
                0x0000000000001034                __data_load_end = (__data_load_start + SIZEOF (.data))

.noinit         0x000000000080014c        0x0
                0x000000000080014c                PROVIDE (__noinit_start, .)
 *(.noinit*)
                0x000000000080014c                PROVIDE (__noinit_end, .)
                0x000000000080014c                _end = .
                0x000000000080014c                PROVIDE (__heap_start, .)

.eeprom         0x0000000000810000        0x0
 *(.eeprom*)
                0x0000000000810000                __eeprom_end = .

.fuse
 *(.fuse)
 *(.lfuse)
 *(.hfuse)
 *(.efuse)

.lock
 *(.lock*)

.signature
 *(.signature*)

.stab           0x0000000000000000      0xbe8
 *(.stab)
 .stab          0x0000000000000000      0x6cc /usr/lib/gcc/avr/4.6.3/../../../../avr/lib/avr5/crtm32.o
 .stab          0x00000000000006cc       0xcc /usr/lib/gcc/avr/4.6.3/avr5/libgcc.a(_udivmodqi4.o)
                                         0xd8 (size before relaxing)
 .stab          0x0000000000000798      0x144 /usr/lib/gcc/avr/4.6.3/avr5/libgcc.a(_udivmodhi4.o)
                                        0x150 (size before relaxing)
 .stab          0x00000000000008dc      0x120 /usr/lib/gcc/avr/4.6.3/avr5/libgcc.a(_divmodhi4.o)
                                        0x12c (size before relaxing)
 .stab          0x00000000000009fc       0x54 /usr/lib/gcc/avr/4.6.3/avr5/libgcc.a(_exit.o)
                                         0x60 (size before relaxing)
 .stab          0x0000000000000a50       0x9c /usr/lib/gcc/avr/4.6.3/avr5/libgcc.a(_copy_data.o)
                                         0xa8 (size before relaxing)
 .stab          0x0000000000000aec       0x78 /usr/lib/gcc/avr/4.6.3/avr5/libgcc.a(_clear_bss.o)
                                         0x84 (size before relaxing)
 .stab          0x0000000000000b64       0x84 /usr/lib/gcc/avr/4.6.3/../../../../avr/lib/avr5/libc.a(strcmp.o)
                                         0x90 (size before relaxing)

.stabstr        0x0000000000000000       0xf9
 *(.stabstr)
 .stabstr       0x0000000000000000       0xf9 /usr/lib/gcc/avr/4.6.3/../../../../avr/lib/avr5/crtm32.o

.stab.excl
 *(.stab.excl)

.stab.exclstr
 *(.stab.exclstr)

.stab.index
 *(.stab.index)

.stab.indexstr
 *(.stab.indexstr)

.comment
 *(.comment)

.debug
 *(.debug)

.line
 *(.line)

.debug_srcinfo
 *(.debug_srcinfo)

.debug_sfnames
 *(.debug_sfnames)

.debug_aranges
 *(.debug_aranges)

.debug_pubnames
 *(.debug_pubnames)

.debug_info
 *(.debug_info)
 *(.gnu.linkonce.wi.*)

.debug_abbrev
 *(.debug_abbrev)

.debug_line
 *(.debug_line)

.debug_frame
 *(.debug_frame)

.debug_str
 *(.debug_str)

.debug_loc
 *(.debug_loc)

.debug_macinfo
 *(.debug_macinfo)
OUTPUT(Wetter.elf elf32-avr)
LOAD linker stubs
