Archive member included because of file (symbol)

/usr/lib/gcc/avr/4.7.2/avr5/libgcc.a(_exit.o)
                              /usr/lib/gcc/avr/4.7.2/../../../avr/lib/avr5/crtm32.o (exit)
/usr/lib/gcc/avr/4.7.2/avr5/libgcc.a(_copy_data.o)
                              ./main.o (__do_copy_data)
/usr/lib/gcc/avr/4.7.2/avr5/libgcc.a(_clear_bss.o)
                              ./util/timeout.o (__do_clear_bss)
/usr/lib/gcc/avr/4.7.2/avr5/libgcc.a(_fixunssfsi.o)
                              ./sensors/range.o (__fixunssfsi)
/usr/lib/gcc/avr/4.7.2/avr5/libgcc.a(_addsub_sf.o)
                              /usr/lib/gcc/avr/4.7.2/avr5/libgcc.a(_fixunssfsi.o) (__subsf3)
/usr/lib/gcc/avr/4.7.2/avr5/libgcc.a(_mul_sf.o)
                              ./sensors/range.o (__mulsf3)
/usr/lib/gcc/avr/4.7.2/avr5/libgcc.a(_div_sf.o)
                              ./sensors/range.o (__divsf3)
/usr/lib/gcc/avr/4.7.2/avr5/libgcc.a(_ge_sf.o)
                              /usr/lib/gcc/avr/4.7.2/avr5/libgcc.a(_fixunssfsi.o) (__gesf2)
/usr/lib/gcc/avr/4.7.2/avr5/libgcc.a(_sf_to_si.o)
                              /usr/lib/gcc/avr/4.7.2/avr5/libgcc.a(_fixunssfsi.o) (__fixsfsi)
/usr/lib/gcc/avr/4.7.2/avr5/libgcc.a(_thenan_sf.o)
                              /usr/lib/gcc/avr/4.7.2/avr5/libgcc.a(_addsub_sf.o) (__thenan_sf)
/usr/lib/gcc/avr/4.7.2/avr5/libgcc.a(_usi_to_sf.o)
                              ./sensors/range.o (__floatunsisf)
/usr/lib/gcc/avr/4.7.2/avr5/libgcc.a(_prologue.o)
                              /usr/lib/gcc/avr/4.7.2/avr5/libgcc.a(_addsub_sf.o) (__prologue_saves__)
/usr/lib/gcc/avr/4.7.2/avr5/libgcc.a(_epilogue.o)
                              /usr/lib/gcc/avr/4.7.2/avr5/libgcc.a(_addsub_sf.o) (__epilogue_restores__)
/usr/lib/gcc/avr/4.7.2/avr5/libgcc.a(_clzsi2.o)
                              /usr/lib/gcc/avr/4.7.2/avr5/libgcc.a(_usi_to_sf.o) (__clzsi2)
/usr/lib/gcc/avr/4.7.2/avr5/libgcc.a(_clzhi2.o)
                              /usr/lib/gcc/avr/4.7.2/avr5/libgcc.a(_clzsi2.o) (__clzhi2)
/usr/lib/gcc/avr/4.7.2/avr5/libgcc.a(_pack_sf.o)
                              /usr/lib/gcc/avr/4.7.2/avr5/libgcc.a(_addsub_sf.o) (__pack_f)
/usr/lib/gcc/avr/4.7.2/avr5/libgcc.a(_unpack_sf.o)
                              /usr/lib/gcc/avr/4.7.2/avr5/libgcc.a(_addsub_sf.o) (__unpack_f)
/usr/lib/gcc/avr/4.7.2/avr5/libgcc.a(_fpcmp_parts_sf.o)
                              /usr/lib/gcc/avr/4.7.2/avr5/libgcc.a(_ge_sf.o) (__fpcmp_parts_f)

Allocating common symbols
Common symbol       size              file

com_receive_buffer  0xd               ./communication/com.o
com_send_buffer     0xd               ./communication/com.o

Memory Configuration

Name             Origin             Length             Attributes
text             0x0000000000000000 0x0000000000020000 xr
data             0x0000000000800060 0x000000000000ffa0 rw !x
eeprom           0x0000000000810000 0x0000000000010000 rw !x
fuse             0x0000000000820000 0x0000000000000400 rw !x
lock             0x0000000000830000 0x0000000000000400 rw !x
signature        0x0000000000840000 0x0000000000000400 rw !x
*default*        0x0000000000000000 0xffffffffffffffff

Linker script and memory map

LOAD /usr/lib/gcc/avr/4.7.2/../../../avr/lib/avr5/crtm32.o
LOAD ./util/timeout.o
LOAD ./sensors/range.o
LOAD ./sensors/temperature.o
LOAD ./core/adc.o
LOAD ./core/system.o
LOAD ./core/uart.o
LOAD ./communication/com.o
LOAD ./communication/net.o
LOAD ./commands/parser.o
LOAD ./commands/sensors.o
LOAD ./main.o
LOAD /usr/lib/gcc/avr/4.7.2/avr5/libgcc.a
LOAD /usr/lib/gcc/avr/4.7.2/../../../avr/lib/avr5/libc.a
LOAD /usr/lib/gcc/avr/4.7.2/avr5/libgcc.a

.hash
 *(.hash)

.dynsym
 *(.dynsym)

.dynstr
 *(.dynstr)

.gnu.version
 *(.gnu.version)

.gnu.version_d
 *(.gnu.version_d)

.gnu.version_r
 *(.gnu.version_r)

.rel.init
 *(.rel.init)

.rela.init
 *(.rela.init)

.rel.text
 *(.rel.text)
 *(.rel.text.*)
 *(.rel.gnu.linkonce.t*)

.rela.text
 *(.rela.text)
 *(.rela.text.*)
 *(.rela.gnu.linkonce.t*)

.rel.fini
 *(.rel.fini)

.rela.fini
 *(.rela.fini)

.rel.rodata
 *(.rel.rodata)
 *(.rel.rodata.*)
 *(.rel.gnu.linkonce.r*)

.rela.rodata
 *(.rela.rodata)
 *(.rela.rodata.*)
 *(.rela.gnu.linkonce.r*)

.rel.data
 *(.rel.data)
 *(.rel.data.*)
 *(.rel.gnu.linkonce.d*)

.rela.data
 *(.rela.data)
 *(.rela.data.*)
 *(.rela.gnu.linkonce.d*)

.rel.ctors
 *(.rel.ctors)

.rela.ctors
 *(.rela.ctors)

.rel.dtors
 *(.rel.dtors)

.rela.dtors
 *(.rela.dtors)

.rel.got
 *(.rel.got)

.rela.got
 *(.rela.got)

.rel.bss
 *(.rel.bss)

.rela.bss
 *(.rela.bss)

.rel.plt
 *(.rel.plt)

.rela.plt
 *(.rela.plt)

.text           0x0000000000000000     0x12b4
 *(.vectors)
 .vectors       0x0000000000000000       0x54 /usr/lib/gcc/avr/4.7.2/../../../avr/lib/avr5/crtm32.o
                0x0000000000000000                __vectors
                0x0000000000000000                __vector_default
 *(.vectors)
 *(.progmem.gcc*)
 *(.progmem*)
                0x0000000000000054                . = ALIGN (0x2)
                0x0000000000000054                __trampolines_start = .
 *(.trampolines)
 .trampolines   0x0000000000000054        0x0 linker stubs
 *(.trampolines*)
                0x0000000000000054                __trampolines_end = .
 *(.jumptables)
 *(.jumptables*)
 *(.lowtext)
 *(.lowtext*)
                0x0000000000000054                __ctors_start = .
 *(.ctors)
                0x0000000000000054                __ctors_end = .
                0x0000000000000054                __dtors_start = .
 *(.dtors)
                0x0000000000000054                __dtors_end = .
 SORT(*)(.ctors)
 SORT(*)(.dtors)
 *(.init0)
 .init0         0x0000000000000054        0x0 /usr/lib/gcc/avr/4.7.2/../../../avr/lib/avr5/crtm32.o
                0x0000000000000054                __init
 *(.init0)
 *(.init1)
 *(.init1)
 *(.init2)
 .init2         0x0000000000000054        0xc /usr/lib/gcc/avr/4.7.2/../../../avr/lib/avr5/crtm32.o
 *(.init2)
 *(.init3)
 *(.init3)
 *(.init4)
 .init4         0x0000000000000060       0x16 /usr/lib/gcc/avr/4.7.2/avr5/libgcc.a(_copy_data.o)
                0x0000000000000060                __do_copy_data
 .init4         0x0000000000000076       0x10 /usr/lib/gcc/avr/4.7.2/avr5/libgcc.a(_clear_bss.o)
                0x0000000000000076                __do_clear_bss
 *(.init4)
 *(.init5)
 *(.init5)
 *(.init6)
 *(.init6)
 *(.init7)
 *(.init7)
 *(.init8)
 *(.init8)
 *(.init9)
 .init9         0x0000000000000086        0x8 /usr/lib/gcc/avr/4.7.2/../../../avr/lib/avr5/crtm32.o
 *(.init9)
 *(.text)
 .text          0x000000000000008e        0x4 /usr/lib/gcc/avr/4.7.2/../../../avr/lib/avr5/crtm32.o
                0x000000000000008e                __vector_12
                0x000000000000008e                __bad_interrupt
                0x000000000000008e                __vector_6
                0x000000000000008e                __vector_3
                0x000000000000008e                __vector_11
                0x000000000000008e                __vector_13
                0x000000000000008e                __vector_17
                0x000000000000008e                __vector_19
                0x000000000000008e                __vector_7
                0x000000000000008e                __vector_4
                0x000000000000008e                __vector_9
                0x000000000000008e                __vector_2
                0x000000000000008e                __vector_15
                0x000000000000008e                __vector_8
                0x000000000000008e                __vector_14
                0x000000000000008e                __vector_10
                0x000000000000008e                __vector_16
                0x000000000000008e                __vector_18
                0x000000000000008e                __vector_20
 .text          0x0000000000000092        0x0 ./util/timeout.o
 .text          0x0000000000000092        0x0 ./sensors/range.o
 .text          0x0000000000000092        0x0 ./sensors/temperature.o
 .text          0x0000000000000092        0x0 ./core/adc.o
 .text          0x0000000000000092        0x0 ./core/system.o
 .text          0x0000000000000092        0x0 ./core/uart.o
 .text          0x0000000000000092        0x0 ./communication/com.o
 .text          0x0000000000000092        0x0 ./communication/net.o
 .text          0x0000000000000092        0x0 ./commands/parser.o
 .text          0x0000000000000092        0x0 ./commands/sensors.o
 .text          0x0000000000000092        0x0 ./main.o
 .text          0x0000000000000092        0x0 /usr/lib/gcc/avr/4.7.2/avr5/libgcc.a(_exit.o)
 .text          0x0000000000000092        0x0 /usr/lib/gcc/avr/4.7.2/avr5/libgcc.a(_copy_data.o)
 .text          0x0000000000000092        0x0 /usr/lib/gcc/avr/4.7.2/avr5/libgcc.a(_clear_bss.o)
 .text          0x0000000000000092       0x5a /usr/lib/gcc/avr/4.7.2/avr5/libgcc.a(_fixunssfsi.o)
                0x0000000000000092                __fixunssfsi
 .text          0x00000000000000ec      0x370 /usr/lib/gcc/avr/4.7.2/avr5/libgcc.a(_addsub_sf.o)
                0x00000000000003a4                __addsf3
                0x00000000000003fc                __subsf3
 .text          0x000000000000045c      0x1ca /usr/lib/gcc/avr/4.7.2/avr5/libgcc.a(_mul_sf.o)
                0x000000000000045c                __mulsf3
 .text          0x0000000000000626      0x146 /usr/lib/gcc/avr/4.7.2/avr5/libgcc.a(_div_sf.o)
                0x0000000000000626                __divsf3
 .text          0x000000000000076c       0x5e /usr/lib/gcc/avr/4.7.2/avr5/libgcc.a(_ge_sf.o)
                0x000000000000076c                __gesf2
 .text          0x00000000000007ca       0x9e /usr/lib/gcc/avr/4.7.2/avr5/libgcc.a(_sf_to_si.o)
                0x00000000000007ca                __fixsfsi
 .text          0x0000000000000868        0x0 /usr/lib/gcc/avr/4.7.2/avr5/libgcc.a(_thenan_sf.o)
 .text          0x0000000000000868       0xec /usr/lib/gcc/avr/4.7.2/avr5/libgcc.a(_usi_to_sf.o)
                0x0000000000000868                __floatunsisf
 .text          0x0000000000000954        0x0 /usr/lib/gcc/avr/4.7.2/avr5/libgcc.a(_prologue.o)
 .text          0x0000000000000954        0x0 /usr/lib/gcc/avr/4.7.2/avr5/libgcc.a(_epilogue.o)
 .text          0x0000000000000954        0x0 /usr/lib/gcc/avr/4.7.2/avr5/libgcc.a(_clzsi2.o)
 .text          0x0000000000000954        0x0 /usr/lib/gcc/avr/4.7.2/avr5/libgcc.a(_clzhi2.o)
 .text          0x0000000000000954      0x194 /usr/lib/gcc/avr/4.7.2/avr5/libgcc.a(_pack_sf.o)
                0x0000000000000954                __pack_f
 .text          0x0000000000000ae8       0xde /usr/lib/gcc/avr/4.7.2/avr5/libgcc.a(_unpack_sf.o)
                0x0000000000000ae8                __unpack_f
 .text          0x0000000000000bc6       0xc2 /usr/lib/gcc/avr/4.7.2/avr5/libgcc.a(_fpcmp_parts_sf.o)
                0x0000000000000bc6                __fpcmp_parts_f
                0x0000000000000c88                . = ALIGN (0x2)
 *(.text.*)
 .text.timeout_start
                0x0000000000000c88       0x1c ./util/timeout.o
                0x0000000000000c88                timeout_start
 .text.timeout_stop
                0x0000000000000ca4        0x4 ./util/timeout.o
                0x0000000000000ca4                timeout_stop
 .text.__vector_5
                0x0000000000000ca8       0x3a ./util/timeout.o
                0x0000000000000ca8                __vector_5
 .text.range_init
                0x0000000000000ce2        0xa ./sensors/range.o
                0x0000000000000ce2                range_init
 .text.range_get
                0x0000000000000cec       0x4e ./sensors/range.o
                0x0000000000000cec                range_get
 .text.temp_write
                0x0000000000000d3a       0x28 ./sensors/temperature.o
                0x0000000000000d3a                temp_write
 .text.temp_read
                0x0000000000000d62       0x3c ./sensors/temperature.o
                0x0000000000000d62                temp_read
 .text.temp_config
                0x0000000000000d9e       0x38 ./sensors/temperature.o
                0x0000000000000d9e                temp_config
 .text.temp_init
                0x0000000000000dd6       0x2c ./sensors/temperature.o
                0x0000000000000dd6                temp_init
 .text.temp_get
                0x0000000000000e02       0x5e ./sensors/temperature.o
                0x0000000000000e02                temp_get
 .text.adc_init
                0x0000000000000e60       0x16 ./core/adc.o
                0x0000000000000e60                adc_init
 .text.adc_read
                0x0000000000000e76       0x18 ./core/adc.o
                0x0000000000000e76                adc_read
 .text.sys_adr_set
                0x0000000000000e8e       0x34 ./core/system.o
                0x0000000000000e8e                sys_adr_set
 .text.sys_adr_reset
                0x0000000000000ec2       0x20 ./core/system.o
                0x0000000000000ec2                sys_adr_reset
 .text.sys_adr_init
                0x0000000000000ee2       0x2a ./core/system.o
                0x0000000000000ee2                sys_adr_init
 .text.uart_send
                0x0000000000000f0c       0x1a ./core/uart.o
                0x0000000000000f0c                uart_send
 .text.uart_send_char
                0x0000000000000f26        0x8 ./core/uart.o
                0x0000000000000f26                uart_send_char
 .text.uart_init
                0x0000000000000f2e       0x14 ./core/uart.o
                0x0000000000000f2e                uart_init
 .text.com_wait_low
                0x0000000000000f42        0x6 ./communication/com.o
                0x0000000000000f42                com_wait_low
 .text.com_wait_high
                0x0000000000000f48        0x6 ./communication/com.o
                0x0000000000000f48                com_wait_high
 .text.com_send_ack
                0x0000000000000f4e        0xa ./communication/com.o
                0x0000000000000f4e                com_send_ack
 .text.com_mark_active_and_wait_ack
                0x0000000000000f58        0xc ./communication/com.o
                0x0000000000000f58                com_mark_active_and_wait_ack
 .text.com_set_command
                0x0000000000000f64       0x1c ./communication/com.o
                0x0000000000000f64                com_set_command
 .text.com_disconnect
                0x0000000000000f80       0x24 ./communication/com.o
                0x0000000000000f80                com_disconnect
 .text.com_config
                0x0000000000000fa4       0x1e ./communication/com.o
                0x0000000000000fa4                com_config
 .text.com_connect
                0x0000000000000fc2       0x22 ./communication/com.o
                0x0000000000000fc2                com_connect
 .text.com_init
                0x0000000000000fe4       0x1e ./communication/com.o
                0x0000000000000fe4                com_init
 .text.__vector_1
                0x0000000000001002       0x24 ./communication/com.o
                0x0000000000001002                __vector_1
 .text.com_write_nibble
                0x0000000000001026        0xe ./communication/com.o
                0x0000000000001026                com_write_nibble
 .text.com_read_nibble
                0x0000000000001034       0x14 ./communication/com.o
                0x0000000000001034                com_read_nibble
 .text.com_write_byte
                0x0000000000001048       0x14 ./communication/com.o
                0x0000000000001048                com_write_byte
 .text.com_read_byte
                0x000000000000105c       0x16 ./communication/com.o
                0x000000000000105c                com_read_byte
 .text.com_send_chunk
                0x0000000000001072       0x2e ./communication/com.o
                0x0000000000001072                com_send_chunk
 .text.com_receive_chunk
                0x00000000000010a0       0x3a ./communication/com.o
                0x00000000000010a0                com_receive_chunk
 .text.com_check
                0x00000000000010da        0x6 ./communication/com.o
                0x00000000000010da                com_check
 .text.net_send
                0x00000000000010e0       0x20 ./communication/net.o
                0x00000000000010e0                net_send
 .text.net_receive
                0x0000000000001100       0x4c ./communication/net.o
                0x0000000000001100                net_receive
 .text.parser_parse
                0x000000000000114c       0x24 ./commands/parser.o
                0x000000000000114c                parser_parse
 .text.sensors_readout
                0x0000000000001170       0x5e ./commands/sensors.o
                0x0000000000001170                sensors_readout
 .text.startup.main
                0x00000000000011ce       0x3e ./main.o
                0x00000000000011ce                main
 .text.libgcc.mul
                0x000000000000120c        0x0 /usr/lib/gcc/avr/4.7.2/avr5/libgcc.a(_exit.o)
 .text.libgcc.div
                0x000000000000120c        0x0 /usr/lib/gcc/avr/4.7.2/avr5/libgcc.a(_exit.o)
 .text.libgcc   0x000000000000120c        0x0 /usr/lib/gcc/avr/4.7.2/avr5/libgcc.a(_exit.o)
 .text.libgcc.prologue
                0x000000000000120c        0x0 /usr/lib/gcc/avr/4.7.2/avr5/libgcc.a(_exit.o)
 .text.libgcc.builtins
                0x000000000000120c        0x0 /usr/lib/gcc/avr/4.7.2/avr5/libgcc.a(_exit.o)
 .text.libgcc.fmul
                0x000000000000120c        0x0 /usr/lib/gcc/avr/4.7.2/avr5/libgcc.a(_exit.o)
 .text.libgcc.mul
                0x000000000000120c        0x0 /usr/lib/gcc/avr/4.7.2/avr5/libgcc.a(_copy_data.o)
 .text.libgcc.div
                0x000000000000120c        0x0 /usr/lib/gcc/avr/4.7.2/avr5/libgcc.a(_copy_data.o)
 .text.libgcc   0x000000000000120c        0x0 /usr/lib/gcc/avr/4.7.2/avr5/libgcc.a(_copy_data.o)
 .text.libgcc.prologue
                0x000000000000120c        0x0 /usr/lib/gcc/avr/4.7.2/avr5/libgcc.a(_copy_data.o)
 .text.libgcc.builtins
                0x000000000000120c        0x0 /usr/lib/gcc/avr/4.7.2/avr5/libgcc.a(_copy_data.o)
 .text.libgcc.fmul
                0x000000000000120c        0x0 /usr/lib/gcc/avr/4.7.2/avr5/libgcc.a(_copy_data.o)
 .text.libgcc.mul
                0x000000000000120c        0x0 /usr/lib/gcc/avr/4.7.2/avr5/libgcc.a(_clear_bss.o)
 .text.libgcc.div
                0x000000000000120c        0x0 /usr/lib/gcc/avr/4.7.2/avr5/libgcc.a(_clear_bss.o)
 .text.libgcc   0x000000000000120c        0x0 /usr/lib/gcc/avr/4.7.2/avr5/libgcc.a(_clear_bss.o)
 .text.libgcc.prologue
                0x000000000000120c        0x0 /usr/lib/gcc/avr/4.7.2/avr5/libgcc.a(_clear_bss.o)
 .text.libgcc.builtins
                0x000000000000120c        0x0 /usr/lib/gcc/avr/4.7.2/avr5/libgcc.a(_clear_bss.o)
 .text.libgcc.fmul
                0x000000000000120c        0x0 /usr/lib/gcc/avr/4.7.2/avr5/libgcc.a(_clear_bss.o)
 .text.libgcc.mul
                0x000000000000120c        0x0 /usr/lib/gcc/avr/4.7.2/avr5/libgcc.a(_prologue.o)
 .text.libgcc.div
                0x000000000000120c        0x0 /usr/lib/gcc/avr/4.7.2/avr5/libgcc.a(_prologue.o)
 .text.libgcc   0x000000000000120c        0x0 /usr/lib/gcc/avr/4.7.2/avr5/libgcc.a(_prologue.o)
 .text.libgcc.prologue
                0x000000000000120c       0x38 /usr/lib/gcc/avr/4.7.2/avr5/libgcc.a(_prologue.o)
                0x000000000000120c                __prologue_saves__
 .text.libgcc.builtins
                0x0000000000001244        0x0 /usr/lib/gcc/avr/4.7.2/avr5/libgcc.a(_prologue.o)
 .text.libgcc.fmul
                0x0000000000001244        0x0 /usr/lib/gcc/avr/4.7.2/avr5/libgcc.a(_prologue.o)
 .text.libgcc.mul
                0x0000000000001244        0x0 /usr/lib/gcc/avr/4.7.2/avr5/libgcc.a(_epilogue.o)
 .text.libgcc.div
                0x0000000000001244        0x0 /usr/lib/gcc/avr/4.7.2/avr5/libgcc.a(_epilogue.o)
 .text.libgcc   0x0000000000001244        0x0 /usr/lib/gcc/avr/4.7.2/avr5/libgcc.a(_epilogue.o)
 .text.libgcc.prologue
                0x0000000000001244       0x36 /usr/lib/gcc/avr/4.7.2/avr5/libgcc.a(_epilogue.o)
                0x0000000000001244                __epilogue_restores__
 .text.libgcc.builtins
                0x000000000000127a        0x0 /usr/lib/gcc/avr/4.7.2/avr5/libgcc.a(_epilogue.o)
 .text.libgcc.fmul
                0x000000000000127a        0x0 /usr/lib/gcc/avr/4.7.2/avr5/libgcc.a(_epilogue.o)
 .text.libgcc.mul
                0x000000000000127a        0x0 /usr/lib/gcc/avr/4.7.2/avr5/libgcc.a(_clzsi2.o)
 .text.libgcc.div
                0x000000000000127a        0x0 /usr/lib/gcc/avr/4.7.2/avr5/libgcc.a(_clzsi2.o)
 .text.libgcc   0x000000000000127a        0x0 /usr/lib/gcc/avr/4.7.2/avr5/libgcc.a(_clzsi2.o)
 .text.libgcc.prologue
                0x000000000000127a        0x0 /usr/lib/gcc/avr/4.7.2/avr5/libgcc.a(_clzsi2.o)
 .text.libgcc.builtins
                0x000000000000127a       0x12 /usr/lib/gcc/avr/4.7.2/avr5/libgcc.a(_clzsi2.o)
                0x000000000000127a                __clzsi2
 .text.libgcc.fmul
                0x000000000000128c        0x0 /usr/lib/gcc/avr/4.7.2/avr5/libgcc.a(_clzsi2.o)
 .text.libgcc.mul
                0x000000000000128c        0x0 /usr/lib/gcc/avr/4.7.2/avr5/libgcc.a(_clzhi2.o)
 .text.libgcc.div
                0x000000000000128c        0x0 /usr/lib/gcc/avr/4.7.2/avr5/libgcc.a(_clzhi2.o)
 .text.libgcc   0x000000000000128c        0x0 /usr/lib/gcc/avr/4.7.2/avr5/libgcc.a(_clzhi2.o)
 .text.libgcc.prologue
                0x000000000000128c        0x0 /usr/lib/gcc/avr/4.7.2/avr5/libgcc.a(_clzhi2.o)
 .text.libgcc.builtins
                0x000000000000128c       0x24 /usr/lib/gcc/avr/4.7.2/avr5/libgcc.a(_clzhi2.o)
                0x000000000000128c                __clzhi2
 .text.libgcc.fmul
                0x00000000000012b0        0x0 /usr/lib/gcc/avr/4.7.2/avr5/libgcc.a(_clzhi2.o)
                0x00000000000012b0                . = ALIGN (0x2)
 *(.fini9)
 .fini9         0x00000000000012b0        0x0 /usr/lib/gcc/avr/4.7.2/avr5/libgcc.a(_exit.o)
                0x00000000000012b0                exit
                0x00000000000012b0                _exit
 *(.fini9)
 *(.fini8)
 *(.fini8)
 *(.fini7)
 *(.fini7)
 *(.fini6)
 *(.fini6)
 *(.fini5)
 *(.fini5)
 *(.fini4)
 *(.fini4)
 *(.fini3)
 *(.fini3)
 *(.fini2)
 *(.fini2)
 *(.fini1)
 *(.fini1)
 *(.fini0)
 .fini0         0x00000000000012b0        0x4 /usr/lib/gcc/avr/4.7.2/avr5/libgcc.a(_exit.o)
 *(.fini0)
                0x00000000000012b4                _etext = .

.data           0x0000000000800060        0xe load address 0x00000000000012b4
                0x0000000000800060                PROVIDE (__data_start, .)
 *(.data)
 .data          0x0000000000800060        0x0 /usr/lib/gcc/avr/4.7.2/../../../avr/lib/avr5/crtm32.o
 .data          0x0000000000800060        0x0 ./util/timeout.o
 .data          0x0000000000800060        0x0 ./sensors/range.o
 .data          0x0000000000800060        0x0 ./sensors/temperature.o
 .data          0x0000000000800060        0x0 ./core/adc.o
 .data          0x0000000000800060        0x0 ./core/system.o
 .data          0x0000000000800060        0x0 ./core/uart.o
 .data          0x0000000000800060        0x0 ./communication/com.o
 .data          0x0000000000800060        0x0 ./communication/net.o
 .data          0x0000000000800060        0x0 ./commands/parser.o
 .data          0x0000000000800060        0x0 ./commands/sensors.o
 .data          0x0000000000800060        0x0 ./main.o
 .data          0x0000000000800060        0x0 /usr/lib/gcc/avr/4.7.2/avr5/libgcc.a(_exit.o)
 .data          0x0000000000800060        0x0 /usr/lib/gcc/avr/4.7.2/avr5/libgcc.a(_copy_data.o)
 .data          0x0000000000800060        0x0 /usr/lib/gcc/avr/4.7.2/avr5/libgcc.a(_clear_bss.o)
 .data          0x0000000000800060        0x0 /usr/lib/gcc/avr/4.7.2/avr5/libgcc.a(_fixunssfsi.o)
 .data          0x0000000000800060        0x0 /usr/lib/gcc/avr/4.7.2/avr5/libgcc.a(_addsub_sf.o)
 .data          0x0000000000800060        0x0 /usr/lib/gcc/avr/4.7.2/avr5/libgcc.a(_mul_sf.o)
 .data          0x0000000000800060        0x0 /usr/lib/gcc/avr/4.7.2/avr5/libgcc.a(_div_sf.o)
 .data          0x0000000000800060        0x0 /usr/lib/gcc/avr/4.7.2/avr5/libgcc.a(_ge_sf.o)
 .data          0x0000000000800060        0x0 /usr/lib/gcc/avr/4.7.2/avr5/libgcc.a(_sf_to_si.o)
 .data          0x0000000000800060        0x0 /usr/lib/gcc/avr/4.7.2/avr5/libgcc.a(_thenan_sf.o)
 .data          0x0000000000800060        0x0 /usr/lib/gcc/avr/4.7.2/avr5/libgcc.a(_usi_to_sf.o)
 .data          0x0000000000800060        0x0 /usr/lib/gcc/avr/4.7.2/avr5/libgcc.a(_prologue.o)
 .data          0x0000000000800060        0x0 /usr/lib/gcc/avr/4.7.2/avr5/libgcc.a(_epilogue.o)
 .data          0x0000000000800060        0x0 /usr/lib/gcc/avr/4.7.2/avr5/libgcc.a(_clzsi2.o)
 .data          0x0000000000800060        0x0 /usr/lib/gcc/avr/4.7.2/avr5/libgcc.a(_clzhi2.o)
 .data          0x0000000000800060        0x0 /usr/lib/gcc/avr/4.7.2/avr5/libgcc.a(_pack_sf.o)
 .data          0x0000000000800060        0x0 /usr/lib/gcc/avr/4.7.2/avr5/libgcc.a(_unpack_sf.o)
 .data          0x0000000000800060        0x0 /usr/lib/gcc/avr/4.7.2/avr5/libgcc.a(_fpcmp_parts_sf.o)
 *(.data*)
 *(.rodata)
 .rodata        0x0000000000800060        0x8 /usr/lib/gcc/avr/4.7.2/avr5/libgcc.a(_thenan_sf.o)
                0x0000000000800060                __thenan_sf
 *(.rodata*)
 .rodata.str1.1
                0x0000000000800068        0x6 ./main.o
 *(.gnu.linkonce.d*)
                0x000000000080006e                . = ALIGN (0x2)
                0x000000000080006e                _edata = .
                0x000000000080006e                PROVIDE (__data_end, .)

.bss            0x000000000080006e       0x1e
                0x000000000080006e                PROVIDE (__bss_start, .)
 *(.bss)
 .bss           0x000000000080006e        0x0 /usr/lib/gcc/avr/4.7.2/../../../avr/lib/avr5/crtm32.o
 .bss           0x000000000080006e        0x0 ./util/timeout.o
 .bss           0x000000000080006e        0x0 ./sensors/range.o
 .bss           0x000000000080006e        0x0 ./sensors/temperature.o
 .bss           0x000000000080006e        0x0 ./core/adc.o
 .bss           0x000000000080006e        0x0 ./core/system.o
 .bss           0x000000000080006e        0x0 ./core/uart.o
 .bss           0x000000000080006e        0x0 ./communication/com.o
 .bss           0x000000000080006e        0x0 ./communication/net.o
 .bss           0x000000000080006e        0x0 ./commands/parser.o
 .bss           0x000000000080006e        0x0 ./commands/sensors.o
 .bss           0x000000000080006e        0x0 ./main.o
 .bss           0x000000000080006e        0x0 /usr/lib/gcc/avr/4.7.2/avr5/libgcc.a(_exit.o)
 .bss           0x000000000080006e        0x0 /usr/lib/gcc/avr/4.7.2/avr5/libgcc.a(_copy_data.o)
 .bss           0x000000000080006e        0x0 /usr/lib/gcc/avr/4.7.2/avr5/libgcc.a(_clear_bss.o)
 .bss           0x000000000080006e        0x0 /usr/lib/gcc/avr/4.7.2/avr5/libgcc.a(_fixunssfsi.o)
 .bss           0x000000000080006e        0x0 /usr/lib/gcc/avr/4.7.2/avr5/libgcc.a(_addsub_sf.o)
 .bss           0x000000000080006e        0x0 /usr/lib/gcc/avr/4.7.2/avr5/libgcc.a(_mul_sf.o)
 .bss           0x000000000080006e        0x0 /usr/lib/gcc/avr/4.7.2/avr5/libgcc.a(_div_sf.o)
 .bss           0x000000000080006e        0x0 /usr/lib/gcc/avr/4.7.2/avr5/libgcc.a(_ge_sf.o)
 .bss           0x000000000080006e        0x0 /usr/lib/gcc/avr/4.7.2/avr5/libgcc.a(_sf_to_si.o)
 .bss           0x000000000080006e        0x0 /usr/lib/gcc/avr/4.7.2/avr5/libgcc.a(_thenan_sf.o)
 .bss           0x000000000080006e        0x0 /usr/lib/gcc/avr/4.7.2/avr5/libgcc.a(_usi_to_sf.o)
 .bss           0x000000000080006e        0x0 /usr/lib/gcc/avr/4.7.2/avr5/libgcc.a(_prologue.o)
 .bss           0x000000000080006e        0x0 /usr/lib/gcc/avr/4.7.2/avr5/libgcc.a(_epilogue.o)
 .bss           0x000000000080006e        0x0 /usr/lib/gcc/avr/4.7.2/avr5/libgcc.a(_clzsi2.o)
 .bss           0x000000000080006e        0x0 /usr/lib/gcc/avr/4.7.2/avr5/libgcc.a(_clzhi2.o)
 .bss           0x000000000080006e        0x0 /usr/lib/gcc/avr/4.7.2/avr5/libgcc.a(_pack_sf.o)
 .bss           0x000000000080006e        0x0 /usr/lib/gcc/avr/4.7.2/avr5/libgcc.a(_unpack_sf.o)
 .bss           0x000000000080006e        0x0 /usr/lib/gcc/avr/4.7.2/avr5/libgcc.a(_fpcmp_parts_sf.o)
 *(.bss*)
 .bss.uiOverflow
                0x000000000080006e        0x1 ./util/timeout.o
                0x000000000080006e                uiOverflow
 .bss.uiTimeoutTarget
                0x000000000080006f        0x1 ./util/timeout.o
                0x000000000080006f                uiTimeoutTarget
 .bss.uiTimeoutCounter
                0x0000000000800070        0x1 ./util/timeout.o
                0x0000000000800070                uiTimeoutCounter
 .bss.cDataReq  0x0000000000800071        0x1 ./communication/com.o
                0x0000000000800071                cDataReq
 *(COMMON)
 COMMON         0x0000000000800072       0x1a ./communication/com.o
                0x0000000000800072                com_receive_buffer
                0x000000000080007f                com_send_buffer
                0x000000000080008c                PROVIDE (__bss_end, .)
                0x00000000000012b4                __data_load_start = LOADADDR (.data)
                0x00000000000012c2                __data_load_end = (__data_load_start + SIZEOF (.data))

.noinit         0x000000000080008c        0x0
                0x000000000080008c                PROVIDE (__noinit_start, .)
 *(.noinit*)
                0x000000000080008c                PROVIDE (__noinit_end, .)
                0x000000000080008c                _end = .
                0x000000000080008c                PROVIDE (__heap_start, .)

.eeprom         0x0000000000810000        0x0
 *(.eeprom*)
                0x0000000000810000                __eeprom_end = .

.fuse
 *(.fuse)
 *(.lfuse)
 *(.hfuse)
 *(.efuse)

.lock
 *(.lock*)

.signature
 *(.signature*)

.stab           0x0000000000000000      0x6cc
 *(.stab)
 .stab          0x0000000000000000      0x6cc /usr/lib/gcc/avr/4.7.2/../../../avr/lib/avr5/crtm32.o

.stabstr        0x0000000000000000       0x54
 *(.stabstr)
 .stabstr       0x0000000000000000       0x54 /usr/lib/gcc/avr/4.7.2/../../../avr/lib/avr5/crtm32.o

.stab.excl
 *(.stab.excl)

.stab.exclstr
 *(.stab.exclstr)

.stab.index
 *(.stab.index)

.stab.indexstr
 *(.stab.indexstr)

.comment        0x0000000000000000       0x11
 *(.comment)
 .comment       0x0000000000000000       0x11 ./util/timeout.o
                                         0x12 (size before relaxing)
 .comment       0x0000000000000000       0x12 ./sensors/range.o
 .comment       0x0000000000000000       0x12 ./sensors/temperature.o
 .comment       0x0000000000000000       0x12 ./core/adc.o
 .comment       0x0000000000000000       0x12 ./core/system.o
 .comment       0x0000000000000000       0x12 ./core/uart.o
 .comment       0x0000000000000000       0x12 ./communication/com.o
 .comment       0x0000000000000000       0x12 ./communication/net.o
 .comment       0x0000000000000000       0x12 ./commands/parser.o
 .comment       0x0000000000000000       0x12 ./commands/sensors.o
 .comment       0x0000000000000000       0x12 ./main.o
 .comment       0x0000000000000000       0x12 /usr/lib/gcc/avr/4.7.2/avr5/libgcc.a(_fixunssfsi.o)
 .comment       0x0000000000000000       0x12 /usr/lib/gcc/avr/4.7.2/avr5/libgcc.a(_addsub_sf.o)
 .comment       0x0000000000000000       0x12 /usr/lib/gcc/avr/4.7.2/avr5/libgcc.a(_mul_sf.o)
 .comment       0x0000000000000000       0x12 /usr/lib/gcc/avr/4.7.2/avr5/libgcc.a(_div_sf.o)
 .comment       0x0000000000000000       0x12 /usr/lib/gcc/avr/4.7.2/avr5/libgcc.a(_ge_sf.o)
 .comment       0x0000000000000000       0x12 /usr/lib/gcc/avr/4.7.2/avr5/libgcc.a(_sf_to_si.o)
 .comment       0x0000000000000000       0x12 /usr/lib/gcc/avr/4.7.2/avr5/libgcc.a(_thenan_sf.o)
 .comment       0x0000000000000000       0x12 /usr/lib/gcc/avr/4.7.2/avr5/libgcc.a(_usi_to_sf.o)
 .comment       0x0000000000000000       0x12 /usr/lib/gcc/avr/4.7.2/avr5/libgcc.a(_pack_sf.o)
 .comment       0x0000000000000000       0x12 /usr/lib/gcc/avr/4.7.2/avr5/libgcc.a(_unpack_sf.o)
 .comment       0x0000000000000000       0x12 /usr/lib/gcc/avr/4.7.2/avr5/libgcc.a(_fpcmp_parts_sf.o)

.debug
 *(.debug)

.line
 *(.line)

.debug_srcinfo
 *(.debug_srcinfo)

.debug_sfnames
 *(.debug_sfnames)

.debug_aranges
 *(.debug_aranges)

.debug_pubnames
 *(.debug_pubnames)

.debug_info
 *(.debug_info)
 *(.gnu.linkonce.wi.*)

.debug_abbrev
 *(.debug_abbrev)

.debug_line
 *(.debug_line)

.debug_frame
 *(.debug_frame)

.debug_str
 *(.debug_str)

.debug_loc
 *(.debug_loc)

.debug_macinfo
 *(.debug_macinfo)
OUTPUT(Wetter.elf elf32-avr)
LOAD linker stubs
